Microchip MPLAB XC8 Compiler V2.40

Linker command line:

-W-3 \
  --edf=C:\Program Files\Microchip\xc8\v2.40\pic\dat\20220703182018_en.msgs \
  -cn -h+dist/default/production\RELOJ_DS3231.X.production.sym \
  --cmf=dist/default/production\RELOJ_DS3231.X.production.cmf -z -Q16F18877 \
  -oC:\Users\carlo\AppData\Local\Temp\xcAsbr8.4 --defsym=__MPLAB_BUILD=1 \
  --fixupoverflow=error \
  -Mdist/default/production/RELOJ_DS3231.X.production.map \
  --md=C:\Users\carlo\AppData\Local\Temp\xcAsbr8.dat -E1 -ver=XC8 Compiler \
  --acfsm=1493 -ACODE=00h-07FFhx16 -ASTRCODE=00h-07FFFh \
  -ASTRING=00h-0FFhx128 -ACONST=00h-0FFhx128 -AENTRY=00h-0FFhx128 \
  -ACOMMON=070h-07Fh -ABANK0=020h-06Fh -ABANK1=0A0h-0EFh \
  -ABANK2=0120h-016Fh -ABANK3=01A0h-01EFh -ABANK4=0220h-026Fh \
  -ABANK5=02A0h-02EFh -ABANK6=0320h-036Fh -ABANK7=03A0h-03EFh \
  -ABANK8=0420h-046Fh -ABANK9=04A0h-04EFh -ABANK10=0520h-056Fh \
  -ABANK11=05A0h-05EFh -ABANK12=0620h-066Fh -ABANK13=06A0h-06EFh \
  -ABANK14=0720h-076Fh -ABANK15=07A0h-07EFh -ABANK16=0820h-086Fh \
  -ABANK17=08A0h-08EFh -ABANK18=0920h-096Fh -ABANK19=09A0h-09EFh \
  -ABANK20=0A20h-0A6Fh -ABANK21=0AA0h-0AEFh -ABANK22=0B20h-0B6Fh \
  -ABANK23=0BA0h-0BEFh -ABANK24=0C20h-0C6Fh -ABANK25=0CA0h-0CEFh \
  -ABANK26=0D20h-0D6Fh -ABANK27=0DA0h-0DEFh -ABANK28=0E20h-0E6Fh \
  -ABANK29=0EA0h-0EEFh -ABANK30=0F20h-0F6Fh -ABANK31=0FA0h-0FEFh \
  -ABANK32=01020h-0106Fh -ABANK33=010A0h-010EFh -ABANK34=01120h-0116Fh \
  -ABANK35=011A0h-011EFh -ABANK36=01220h-0126Fh -ABANK37=012A0h-012EFh \
  -ABANK38=01320h-0136Fh -ABANK39=013A0h-013EFh -ABANK40=01420h-0146Fh \
  -ABANK41=014A0h-014EFh -ABANK42=01520h-0156Fh -ABANK43=015A0h-015EFh \
  -ABANK44=01620h-0166Fh -ABANK45=016A0h-016EFh -ABANK46=01720h-0176Fh \
  -ABANK47=017A0h-017EFh -ABANK48=01820h-0186Fh -ABANK49=018A0h-018EFh \
  -ABANK50=01920h-0196Fh -ABIGRAM=02000h-02FEFh \
  -ARAM=020h-06Fh,0A0h-0EFh,0120h-016Fh,01A0h-01EFh,0220h-026Fh,02A0h-02EFh,0320h-036Fh,03A0h-03EFh,0420h-046Fh,04A0h-04EFh,0520h-056Fh,05A0h-05EFh,0620h-066Fh,06A0h-06EFh,0720h-076Fh,07A0h-07EFh,0820h-086Fh,08A0h-08EFh,0920h-096Fh,09A0h-09EFh,0A20h-0A6Fh,0AA0h-0AEFh,0B20h-0B6Fh,0BA0h-0BEFh,0C20h-0C6Fh,0CA0h-0CEFh,0D20h-0D6Fh,0DA0h-0DEFh,0E20h-0E6Fh,0EA0h-0EEFh,0F20h-0F6Fh,0FA0h-0FEFh,01020h-0106Fh,010A0h-010EFh,01120h-0116Fh,011A0h-011EFh,01220h-0126Fh,012A0h-012EFh,01320h-0136Fh,013A0h-013EFh,01420h-0146Fh,014A0h-014EFh,01520h-0156Fh,015A0h-015EFh,01620h-0166Fh,016A0h-016EFh,01720h-0176Fh,017A0h-017EFh,01820h-0186Fh,018A0h-018EFh,01920h-0196Fh \
  -AABS1=020h-07Fh,0A0h-0EFh,0120h-016Fh,01A0h-01EFh,0220h-026Fh,02A0h-02EFh,0320h-036Fh,03A0h-03EFh,0420h-046Fh,04A0h-04EFh,0520h-056Fh,05A0h-05EFh,0620h-066Fh,06A0h-06EFh,0720h-076Fh,07A0h-07EFh,0820h-086Fh,08A0h-08EFh,0920h-096Fh,09A0h-09EFh,0A20h-0A6Fh,0AA0h-0AEFh,0B20h-0B6Fh,0BA0h-0BEFh,0C20h-0C6Fh,0CA0h-0CEFh,0D20h-0D6Fh,0DA0h-0DEFh,0E20h-0E6Fh,0EA0h-0EEFh,0F20h-0F6Fh,0FA0h-0FEFh,01020h-0106Fh,010A0h-010EFh,01120h-0116Fh,011A0h-011EFh,01220h-0126Fh,012A0h-012EFh,01320h-0136Fh,013A0h-013EFh,01420h-0146Fh,014A0h-014EFh,01520h-0156Fh,015A0h-015EFh,01620h-0166Fh,016A0h-016EFh,01720h-0176Fh,017A0h-017EFh,01820h-0186Fh,018A0h-018EFh,01920h-0196Fh \
  -ASFR0=00h-01Fh -ASFR1=080h-09Fh -ASFR2=0100h-011Fh -ASFR3=0180h-019Fh \
  -ASFR4=0200h-021Fh -ASFR5=0280h-029Fh -ASFR6=0300h-031Fh \
  -ASFR7=0380h-039Fh -ASFR8=0400h-041Fh -ASFR9=0480h-049Fh \
  -ASFR10=0500h-051Fh -ASFR11=0580h-059Fh -ASFR12=0600h-061Fh \
  -ASFR13=0680h-069Fh -ASFR14=0700h-071Fh -ASFR15=0780h-079Fh \
  -ASFR16=0800h-081Fh -ASFR17=0880h-089Fh -ASFR18=0900h-091Fh \
  -ASFR19=0980h-099Fh -ASFR20=0A00h-0A1Fh -ASFR21=0A80h-0A9Fh \
  -ASFR22=0B00h-0B1Fh -ASFR23=0B80h-0B9Fh -ASFR24=0C00h-0C1Fh \
  -ASFR25=0C80h-0C9Fh -ASFR26=0D00h-0D1Fh -ASFR27=0D80h-0D9Fh \
  -ASFR28=0E00h-0E1Fh -ASFR29=0E80h-0E9Fh -ASFR30=0F00h-0F1Fh \
  -ASFR31=0F80h-0F9Fh -ASFR32=01000h-0101Fh -ASFR33=01080h-0109Fh \
  -ASFR34=01100h-0111Fh -ASFR35=01180h-0119Fh -ASFR36=01200h-0121Fh \
  -ASFR37=01280h-0129Fh -ASFR38=01300h-0131Fh -ASFR39=01380h-0139Fh \
  -ASFR40=01400h-0141Fh -ASFR41=01480h-0149Fh -ASFR42=01500h-0151Fh \
  -ASFR43=01580h-0159Fh -ASFR44=01600h-0161Fh -ASFR45=01680h-0169Fh \
  -ASFR46=01700h-0171Fh -ASFR47=01780h-0179Fh -ASFR48=01800h-0181Fh \
  -ASFR49=01880h-0189Fh -ASFR50=01900h-0191Fh -ASFR51=01980h-019EFh \
  -ASFR52=01A00h-01A6Fh -ASFR53=01A80h-01AEFh -ASFR54=01B00h-01B6Fh \
  -ASFR55=01B80h-01BEFh -ASFR56=01C00h-01C6Fh -ASFR57=01C80h-01CEFh \
  -ASFR58=01D00h-01D6Fh -ASFR59=01D80h-01DEFh -ASFR60=01E00h-01E6Fh \
  -ASFR61=01E80h-01EEFh -ASFR62=01F00h-01F6Fh -ASFR63=01F80h-01FEFh \
  -ACONFIG=08007h-0800Bh -DCONFIG=2 -AIDLOC=08000h-08003h -DIDLOC=2 \
  -AEEDATA=00h-0FFh/0F000h -peeprom_data=EEDATA -DEEDATA=2 -DCODE=2 \
  -DSTRCODE=2 -DSTRING=2 -DCONST=2 -DENTRY=2 \
  -preset_vec=00h,intentry,init,end_init -ppowerup=CODE -pcinit=CODE \
  -pfunctab=ENTRY -k C:\Users\carlo\AppData\Local\Temp\xcAsbr8.o \
  dist/default/production\RELOJ_DS3231.X.production.o 

Object code version is 3.11

Machine type is 16F18877



                Name                               Link     Load   Length Selector   Space Scale
C:\Users\carlo\AppData\Local\Temp\xcAsbr8.o
                end_init                              2        2        2        0       0
                reset_vec                             0        0        2        0       0
                config                             8007     8007        5        0       4
dist/default/production\RELOJ_DS3231.X.production.o
                cinit                               7E3      7E3       1D      FC6       0
                config                             8007     8007        5        0       4
                text24                              54D      54D       14      A9A       0
                text23                              792      792       51      F24       0
                text22                              4E6      4E6        8      9CC       0
                text21                              606      606       2E      C0C       0
                text20                              69A      69A       36      D34       0
                text19                              4EE      4EE        8      9DC       0
                text18                              561      561       17      AC2       0
                text17                              50C      50C        C      A18       0
                text16                              53E      53E        F      A7C       0
                text15                              634      634       33      C68       0
                text14                              667      667       33      CCE       0
                text13                              4D1      4D1        7      9A2       0
                text12                              4D8      4D8        7      9B0       0
                text11                              518      518        C      A30       0
                text10                              593      593       1C      B26       0
                text9                               578      578       1B      AF0       0
                text8                               4F6      4F6        B      9EC       0
                text7                               501      501        B      A02       0
                text6                               524      524        C      A48       0
                text5                               4DF      4DF        7      9BE       0
                text4                               5DA      5DA       2C      BB4       0
                text3                               5AF      5AF       2B      B5E       0
                text2                               70C      70C       3E      E18       0
                text1                               6D0      6D0       3C      DA0       0
                maintext                            74A      74A       48      E94       0
                cstackCOMMON                         70       70        9       70       1
                inittext                            4CB      4CB        6      996       0
                dataBANK0                            20       20        E       20       1
                bssBANK0                             2E       2E        9       20       1
                bssCOMMON                            79       79        5       70       1
                stringtext2                         807      807        7     1000       0
                stringtext1                         800      800        7     1000       0
                idataBANK0                          530      530        E      A60       0

TOTAL           Name                               Link     Load   Length     Space
        CLASS   CODE           
                end_init                              2        2        2         0
                cinit                               7E3      7E3       1D         0
                reset_vec                             0        0        2         0
                text24                              54D      54D       14         0
                text23                              792      792       51         0
                text22                              4E6      4E6        8         0
                text21                              606      606       2E         0
                text20                              69A      69A       36         0
                text19                              4EE      4EE        8         0
                text18                              561      561       17         0
                text17                              50C      50C        C         0
                text16                              53E      53E        F         0
                text15                              634      634       33         0
                text14                              667      667       33         0
                text13                              4D1      4D1        7         0
                text12                              4D8      4D8        7         0
                text11                              518      518        C         0
                text10                              593      593       1C         0
                text9                               578      578       1B         0
                text8                               4F6      4F6        B         0
                text7                               501      501        B         0
                text6                               524      524        C         0
                text5                               4DF      4DF        7         0
                text4                               5DA      5DA       2C         0
                text3                               5AF      5AF       2B         0
                text2                               70C      70C       3E         0
                text1                               6D0      6D0       3C         0
                maintext                            74A      74A       48         0
                inittext                            4CB      4CB        6         0
                idataBANK0                          530      530        E         0

        CLASS   STRCODE        
                stringtext2                         807      807        7         0
                stringtext1                         800      800        7         0

        CLASS   STRING         

        CLASS   CONST          

        CLASS   ENTRY          

        CLASS   COMMON         
                cstackCOMMON                         70       70        9         1
                bssCOMMON                            79       79        5         1

        CLASS   BANK0          
                dataBANK0                            20       20        E         1
                bssBANK0                             2E       2E        9         1

        CLASS   BANK1          

        CLASS   BANK2          

        CLASS   BANK3          

        CLASS   BANK4          

        CLASS   BANK5          

        CLASS   BANK6          

        CLASS   BANK7          

        CLASS   BANK8          

        CLASS   BANK9          

        CLASS   BANK10         

        CLASS   BANK11         

        CLASS   BANK12         

        CLASS   BANK13         

        CLASS   BANK14         

        CLASS   BANK15         

        CLASS   BANK16         

        CLASS   BANK17         

        CLASS   BANK18         

        CLASS   BANK19         

        CLASS   BANK20         

        CLASS   BANK21         

        CLASS   BANK22         

        CLASS   BANK23         

        CLASS   BANK24         

        CLASS   BANK25         

        CLASS   BANK26         

        CLASS   BANK27         

        CLASS   BANK28         

        CLASS   BANK29         

        CLASS   BANK30         

        CLASS   BANK31         

        CLASS   BANK32         

        CLASS   BANK33         

        CLASS   BANK34         

        CLASS   BANK35         

        CLASS   BANK36         

        CLASS   BANK37         

        CLASS   BANK38         

        CLASS   BANK39         

        CLASS   BANK40         

        CLASS   BANK41         

        CLASS   BANK42         

        CLASS   BANK43         

        CLASS   BANK44         

        CLASS   BANK45         

        CLASS   BANK46         

        CLASS   BANK47         

        CLASS   BANK48         

        CLASS   BANK49         

        CLASS   BANK50         

        CLASS   BIGRAM         

        CLASS   RAM            

        CLASS   ABS1           
                abs_s1                               7E       7E        2         1

        CLASS   SFR0           

        CLASS   SFR1           

        CLASS   SFR2           

        CLASS   SFR3           

        CLASS   SFR4           

        CLASS   SFR5           

        CLASS   SFR6           

        CLASS   SFR7           

        CLASS   SFR8           

        CLASS   SFR9           

        CLASS   SFR10          

        CLASS   SFR11          

        CLASS   SFR12          

        CLASS   SFR13          

        CLASS   SFR14          

        CLASS   SFR15          

        CLASS   SFR16          

        CLASS   SFR17          

        CLASS   SFR18          

        CLASS   SFR19          

        CLASS   SFR20          

        CLASS   SFR21          

        CLASS   SFR22          

        CLASS   SFR23          

        CLASS   SFR24          

        CLASS   SFR25          

        CLASS   SFR26          

        CLASS   SFR27          

        CLASS   SFR28          

        CLASS   SFR29          

        CLASS   SFR30          

        CLASS   SFR31          

        CLASS   SFR32          

        CLASS   SFR33          

        CLASS   SFR34          

        CLASS   SFR35          

        CLASS   SFR36          

        CLASS   SFR37          

        CLASS   SFR38          

        CLASS   SFR39          

        CLASS   SFR40          

        CLASS   SFR41          

        CLASS   SFR42          

        CLASS   SFR43          

        CLASS   SFR44          

        CLASS   SFR45          

        CLASS   SFR46          

        CLASS   SFR47          

        CLASS   SFR48          

        CLASS   SFR49          

        CLASS   SFR50          

        CLASS   SFR51          

        CLASS   SFR52          

        CLASS   SFR53          

        CLASS   SFR54          

        CLASS   SFR55          

        CLASS   SFR56          

        CLASS   SFR57          

        CLASS   SFR58          

        CLASS   SFR59          

        CLASS   SFR60          

        CLASS   SFR61          

        CLASS   SFR62          

        CLASS   SFR63          

        CLASS   CONFIG         
                config                             8007     8007        5         4

        CLASS   IDLOC          

        CLASS   EEDATA         

        CLASS   BANK63         

        CLASS   BANK62         

        CLASS   BANK61         

        CLASS   BANK60         

        CLASS   BANK59         

        CLASS   BANK58         

        CLASS   BANK57         

        CLASS   BANK56         

        CLASS   BANK55         

        CLASS   BANK54         

        CLASS   BANK53         

        CLASS   BANK52         

        CLASS   BANK51         

        CLASS   HEAP           

        CLASS   STACK          



SEGMENTS        Name                           Load    Length   Top    Selector   Space  Class     Delta

                reset_vec                      000000  000004  000004         0       0  CODE        2
                dataBANK0                      000020  000017  000037        20       1  BANK0       1
                cstackCOMMON                   000070  00000E  00007E        70       1  COMMON      1
                inittext                       0004CB  000006  0004D1       996       0  CODE        2
                text13                         0004D1  000007  0004D8       9A2       0  CODE        2
                text12                         0004D8  000007  0004DF       9B0       0  CODE        2
                text5                          0004DF  000007  0004E6       9BE       0  CODE        2
                text22                         0004E6  000008  0004EE       9CC       0  CODE        2
                text19                         0004EE  000008  0004F6       9DC       0  CODE        2
                text8                          0004F6  00000B  000501       9EC       0  CODE        2
                text7                          000501  00000B  00050C       A02       0  CODE        2
                text17                         00050C  00000C  000518       A18       0  CODE        2
                text11                         000518  00000C  000524       A30       0  CODE        2
                text6                          000524  00000C  000530       A48       0  CODE        2
                idataBANK0                     000530  00000E  00053E       A60       0  CODE        2
                text16                         00053E  00000F  00054D       A7C       0  CODE        2
                text24                         00054D  000014  000561       A9A       0  CODE        2
                text18                         000561  000017  000578       AC2       0  CODE        2
                text9                          000578  00001B  000593       AF0       0  CODE        2
                text10                         000593  00001C  0005AF       B26       0  CODE        2
                text3                          0005AF  00002B  0005DA       B5E       0  CODE        2
                text4                          0005DA  00002C  000606       BB4       0  CODE        2
                text21                         000606  00002E  000634       C0C       0  CODE        2
                text15                         000634  000033  000667       C68       0  CODE        2
                text14                         000667  000033  00069A       CCE       0  CODE        2
                text20                         00069A  000036  0006D0       D34       0  CODE        2
                text1                          0006D0  00003C  00070C       DA0       0  CODE        2
                text2                          00070C  00003E  00074A       E18       0  CODE        2
                maintext                       00074A  000048  000792       E94       0  CODE        2
                text23                         000792  000051  0007E3       F24       0  CODE        2
                cinit                          0007E3  00001D  000800       FC6       0  CODE        2
                stringtext1                    000800  00000E  00080E      1000       0  STRCODE     2


UNUSED ADDRESS RANGES

        Name                Unused          Largest block    Delta
        BANK0            00037-0006F              39           1
        BANK1            000A0-000EF              50           1
        BANK10           00520-0056F              50           1
        BANK11           005A0-005EF              50           1
        BANK12           00620-0066F              50           1
        BANK13           006A0-006EF              50           1
        BANK14           00720-0076F              50           1
        BANK15           007A0-007EF              50           1
        BANK16           00820-0086F              50           1
        BANK17           008A0-008EF              50           1
        BANK18           00920-0096F              50           1
        BANK19           009A0-009EF              50           1
        BANK2            00120-0016F              50           1
        BANK20           00A20-00A6F              50           1
        BANK21           00AA0-00AEF              50           1
        BANK22           00B20-00B6F              50           1
        BANK23           00BA0-00BEF              50           1
        BANK24           00C20-00C6F              50           1
        BANK25           00CA0-00CEF              50           1
        BANK26           00D20-00D6F              50           1
        BANK27           00DA0-00DEF              50           1
        BANK28           00E20-00E6F              50           1
        BANK29           00EA0-00EEF              50           1
        BANK3            001A0-001EF              50           1
        BANK30           00F20-00F6F              50           1
        BANK31           00FA0-00FEF              50           1
        BANK32           01020-0106F              50           1
        BANK33           010A0-010EF              50           1
        BANK34           01120-0116F              50           1
        BANK35           011A0-011EF              50           1
        BANK36           01220-0126F              50           1
        BANK37           012A0-012EF              50           1
        BANK38           01320-0136F              50           1
        BANK39           013A0-013EF              50           1
        BANK4            00220-0026F              50           1
        BANK40           01420-0146F              50           1
        BANK41           014A0-014EF              50           1
        BANK42           01520-0156F              50           1
        BANK43           015A0-015EF              50           1
        BANK44           01620-0166F              50           1
        BANK45           016A0-016EF              50           1
        BANK46           01720-0176F              50           1
        BANK47           017A0-017EF              50           1
        BANK48           01820-0186F              50           1
        BANK49           018A0-018EF              50           1
        BANK5            002A0-002EF              50           1
        BANK50           01920-0196F              50           1
        BANK6            00320-0036F              50           1
        BANK7            003A0-003EF              50           1
        BANK8            00420-0046F              50           1
        BANK9            004A0-004EF              50           1
        BIGRAM           02000-02FEF             FF0           1
        CODE             00004-004CA             4C7           2
                         0080E-07FFF             800
        CONST            00004-004CA             100           2
                         0080E-07FFF             100
        EEDATA           0F000-0F0FF             100           2
        ENTRY            00004-004CA             100           2
                         0080E-07FFF             100
        IDLOC            08000-08003               4           2
        RAM              00037-0006F              39           1
                         000A0-000EF              50
                         00120-0016F              50
                         001A0-001EF              50
                         00220-0026F              50
                         002A0-002EF              50
                         00320-0036F              50
                         003A0-003EF              50
                         00420-0046F              50
                         004A0-004EF              50
                         00520-0056F              50
                         005A0-005EF              50
                         00620-0066F              50
                         006A0-006EF              50
                         00720-0076F              50
                         007A0-007EF              50
                         00820-0086F              50
                         008A0-008EF              50
                         00920-0096F              50
                         009A0-009EF              50
                         00A20-00A6F              50
                         00AA0-00AEF              50
                         00B20-00B6F              50
                         00BA0-00BEF              50
                         00C20-00C6F              50
                         00CA0-00CEF              50
                         00D20-00D6F              50
                         00DA0-00DEF              50
                         00E20-00E6F              50
                         00EA0-00EEF              50
                         00F20-00F6F              50
                         00FA0-00FEF              50
                         01020-0106F              50
                         010A0-010EF              50
                         01120-0116F              50
                         011A0-011EF              50
                         01220-0126F              50
                         012A0-012EF              50
                         01320-0136F              50
                         013A0-013EF              50
                         01420-0146F              50
                         014A0-014EF              50
                         01520-0156F              50
                         015A0-015EF              50
                         01620-0166F              50
                         016A0-016EF              50
                         01720-0176F              50
                         017A0-017EF              50
                         01820-0186F              50
                         018A0-018EF              50
                         01920-0196F              50
        SFR0             00000-0001F              20           1
        SFR1             00080-0009F              20           1
        SFR10            00500-0051F              20           1
        SFR11            00580-0059F              20           1
        SFR12            00600-0061F              20           1
        SFR13            00680-0069F              20           1
        SFR14            00700-0071F              20           1
        SFR15            00780-0079F              20           1
        SFR16            00800-0081F              20           1
        SFR17            00880-0089F              20           1
        SFR18            00900-0091F              20           1
        SFR19            00980-0099F              20           1
        SFR2             00100-0011F              20           1
        SFR20            00A00-00A1F              20           1
        SFR21            00A80-00A9F              20           1
        SFR22            00B00-00B1F              20           1
        SFR23            00B80-00B9F              20           1
        SFR24            00C00-00C1F              20           1
        SFR25            00C80-00C9F              20           1
        SFR26            00D00-00D1F              20           1
        SFR27            00D80-00D9F              20           1
        SFR28            00E00-00E1F              20           1
        SFR29            00E80-00E9F              20           1
        SFR3             00180-0019F              20           1
        SFR30            00F00-00F1F              20           1
        SFR31            00F80-00F9F              20           1
        SFR32            01000-0101F              20           1
        SFR33            01080-0109F              20           1
        SFR34            01100-0111F              20           1
        SFR35            01180-0119F              20           1
        SFR36            01200-0121F              20           1
        SFR37            01280-0129F              20           1
        SFR38            01300-0131F              20           1
        SFR39            01380-0139F              20           1
        SFR4             00200-0021F              20           1
        SFR40            01400-0141F              20           1
        SFR41            01480-0149F              20           1
        SFR42            01500-0151F              20           1
        SFR43            01580-0159F              20           1
        SFR44            01600-0161F              20           1
        SFR45            01680-0169F              20           1
        SFR46            01700-0171F              20           1
        SFR47            01780-0179F              20           1
        SFR48            01800-0181F              20           1
        SFR49            01880-0189F              20           1
        SFR5             00280-0029F              20           1
        SFR50            01900-0191F              20           1
        SFR51            01980-019EF              70           1
        SFR52            01A00-01A6F              70           1
        SFR53            01A80-01AEF              70           1
        SFR54            01B00-01B6F              70           1
        SFR55            01B80-01BEF              70           1
        SFR56            01C00-01C6F              70           1
        SFR57            01C80-01CEF              70           1
        SFR58            01D00-01D6F              70           1
        SFR59            01D80-01DEF              70           1
        SFR6             00300-0031F              20           1
        SFR60            01E00-01E6F              70           1
        SFR61            01E80-01EEF              70           1
        SFR62            01F00-01F6F              70           1
        SFR63            01F80-01FEF              70           1
        SFR7             00380-0039F              20           1
        SFR8             00400-0041F              20           1
        SFR9             00480-0049F              20           1
        STRCODE          00004-004CA             4C7           2
                         0080E-07FFF            77F2
        STRING           00004-004CA             100           2
                         0080E-07FFF             100

                                  Symbol Table

I2C_write@I2C_data        cstackCOMMON 00070
LCD_cmd@dato              cstackCOMMON 00072
LCD_dato@dato             cstackCOMMON 00072
LCD_goto@posicion         cstackCOMMON 00076
LCD_goto@x                cstackCOMMON 00077
LCD_goto@y                cstackCOMMON 00073
LCD_printf@dato           cstackCOMMON 00073
LCD_write@dato            cstackCOMMON 00071
_ANSELC                   (abs)        01F4E
_ANSELD                   (abs)        01F59
_ANSELE                   (abs)        01F64
_Fecha                    dataBANK0    00020
_Hora                     dataBANK0    00027
_I2C_ack                  text8        004F6
_I2C_init                 text24       0054D
_I2C_nack                 text7        00501
_I2C_read                 text6        00524
_I2C_restart              text5        004DF
_I2C_start                text13       004D1
_I2C_stop                 text12       004D8
_I2C_write                text11       00518
_LATDbits                 (abs)        00019
_LATEbits                 (abs)        0001A
_LCD_cmd                  text22       004E6
_LCD_dato                 text19       004EE
_LCD_goto                 text21       00606
_LCD_init                 text20       0069A
_LCD_printf               text18       00561
_LCD_write                text23       00792
_OSCCON1bits              (abs)        0088D
_OSCFRQbits               (abs)        00893
_OSC_init                 text17       0050C
_PIN_MANAGER_init         text16       0053E
_PIR3bits                 (abs)        0070F
_RC3PPS                   (abs)        01F23
_RC4PPS                   (abs)        01F24
_SSP1ADD                  (abs)        0018D
_SSP1BUF                  (abs)        0018C
_SSP1CLKPPS               (abs)        01EC5
_SSP1CON1                 (abs)        00190
_SSP1CON2bits             (abs)        00191
_SSP1CON3                 (abs)        00192
_SSP1DATPPS               (abs)        01EC6
_SSP1STAT                 (abs)        0018F
_TRISC                    (abs)        00013
_TRISD                    (abs)        00014
_TRISDbits                (abs)        00014
_TRISE                    (abs)        00015
_TRISEbits                (abs)        00015
__Habs1                   abs1         00000
__Hbank0                  bank0        00000
__Hbank1                  bank1        00000
__Hbank10                 bank10       00000
__Hbank11                 bank11       00000
__Hbank12                 bank12       00000
__Hbank13                 bank13       00000
__Hbank14                 bank14       00000
__Hbank15                 bank15       00000
__Hbank16                 bank16       00000
__Hbank17                 bank17       00000
__Hbank18                 bank18       00000
__Hbank19                 bank19       00000
__Hbank2                  bank2        00000
__Hbank20                 bank20       00000
__Hbank21                 bank21       00000
__Hbank22                 bank22       00000
__Hbank23                 bank23       00000
__Hbank24                 bank24       00000
__Hbank25                 bank25       00000
__Hbank26                 bank26       00000
__Hbank27                 bank27       00000
__Hbank28                 bank28       00000
__Hbank29                 bank29       00000
__Hbank3                  bank3        00000
__Hbank30                 bank30       00000
__Hbank31                 bank31       00000
__Hbank32                 bank32       00000
__Hbank33                 bank33       00000
__Hbank34                 bank34       00000
__Hbank35                 bank35       00000
__Hbank36                 bank36       00000
__Hbank37                 bank37       00000
__Hbank38                 bank38       00000
__Hbank39                 bank39       00000
__Hbank4                  bank4        00000
__Hbank40                 bank40       00000
__Hbank41                 bank41       00000
__Hbank42                 bank42       00000
__Hbank43                 bank43       00000
__Hbank44                 bank44       00000
__Hbank45                 bank45       00000
__Hbank46                 bank46       00000
__Hbank47                 bank47       00000
__Hbank48                 bank48       00000
__Hbank49                 bank49       00000
__Hbank5                  bank5        00000
__Hbank50                 bank50       00000
__Hbank51                 bank51       00000
__Hbank52                 bank52       00000
__Hbank53                 bank53       00000
__Hbank54                 bank54       00000
__Hbank55                 bank55       00000
__Hbank56                 bank56       00000
__Hbank57                 bank57       00000
__Hbank58                 bank58       00000
__Hbank59                 bank59       00000
__Hbank6                  bank6        00000
__Hbank60                 bank60       00000
__Hbank61                 bank61       00000
__Hbank62                 bank62       00000
__Hbank63                 bank63       00000
__Hbank7                  bank7        00000
__Hbank8                  bank8        00000
__Hbank9                  bank9        00000
__Hbigram                 bigram       00000
__HbssBANK0               bssBANK0     00000
__HbssCOMMON              bssCOMMON    00000
__Hcinit                  cinit        00800
__Hclrtext                clrtext      00000
__Hcode                   code         00000
__Hcommon                 common       00000
__Hconfig                 config       0800C
__HcstackCOMMON           cstackCOMMON 00000
__HdataBANK0              dataBANK0    00000
__Heeprom_data            eeprom_data  00000
__Hend_init               end_init     00004
__Hfunctab                functab      00000
__Hheap                   heap         00000
__HidataBANK0             idataBANK0   00000
__Hinit                   init         00002
__Hinittext               inittext     00000
__Hintentry               intentry     00002
__Hmaintext               maintext     00000
__Hpowerup                powerup      00000
__Hram                    ram          00000
__Hreset_vec              reset_vec    00002
__Hsfr0                   sfr0         00000
__Hsfr1                   sfr1         00000
__Hsfr10                  sfr10        00000
__Hsfr11                  sfr11        00000
__Hsfr12                  sfr12        00000
__Hsfr13                  sfr13        00000
__Hsfr14                  sfr14        00000
__Hsfr15                  sfr15        00000
__Hsfr16                  sfr16        00000
__Hsfr17                  sfr17        00000
__Hsfr18                  sfr18        00000
__Hsfr19                  sfr19        00000
__Hsfr2                   sfr2         00000
__Hsfr20                  sfr20        00000
__Hsfr21                  sfr21        00000
__Hsfr22                  sfr22        00000
__Hsfr23                  sfr23        00000
__Hsfr24                  sfr24        00000
__Hsfr25                  sfr25        00000
__Hsfr26                  sfr26        00000
__Hsfr27                  sfr27        00000
__Hsfr28                  sfr28        00000
__Hsfr29                  sfr29        00000
__Hsfr3                   sfr3         00000
__Hsfr30                  sfr30        00000
__Hsfr31                  sfr31        00000
__Hsfr32                  sfr32        00000
__Hsfr33                  sfr33        00000
__Hsfr34                  sfr34        00000
__Hsfr35                  sfr35        00000
__Hsfr36                  sfr36        00000
__Hsfr37                  sfr37        00000
__Hsfr38                  sfr38        00000
__Hsfr39                  sfr39        00000
__Hsfr4                   sfr4         00000
__Hsfr40                  sfr40        00000
__Hsfr41                  sfr41        00000
__Hsfr42                  sfr42        00000
__Hsfr43                  sfr43        00000
__Hsfr44                  sfr44        00000
__Hsfr45                  sfr45        00000
__Hsfr46                  sfr46        00000
__Hsfr47                  sfr47        00000
__Hsfr48                  sfr48        00000
__Hsfr49                  sfr49        00000
__Hsfr5                   sfr5         00000
__Hsfr50                  sfr50        00000
__Hsfr51                  sfr51        00000
__Hsfr52                  sfr52        00000
__Hsfr53                  sfr53        00000
__Hsfr54                  sfr54        00000
__Hsfr55                  sfr55        00000
__Hsfr56                  sfr56        00000
__Hsfr57                  sfr57        00000
__Hsfr58                  sfr58        00000
__Hsfr59                  sfr59        00000
__Hsfr6                   sfr6         00000
__Hsfr60                  sfr60        00000
__Hsfr61                  sfr61        00000
__Hsfr62                  sfr62        00000
__Hsfr63                  sfr63        00000
__Hsfr7                   sfr7         00000
__Hsfr8                   sfr8         00000
__Hsfr9                   sfr9         00000
__Hspace_0                (abs)        0080E
__Hspace_1                (abs)        0007E
__Hspace_2                (abs)        00000
__Hspace_3                (abs)        00000
__Hspace_4                (abs)        10013
__Hstack                  stack        00000
__Hstrings                strings      00000
__Hstringtext1            stringtext1  00000
__Hstringtext2            stringtext2  00000
__Hstringtext3            stringtext3  00000
__Htext                   text         00000
__Labs1                   abs1         00000
__Lbank0                  bank0        00000
__Lbank1                  bank1        00000
__Lbank10                 bank10       00000
__Lbank11                 bank11       00000
__Lbank12                 bank12       00000
__Lbank13                 bank13       00000
__Lbank14                 bank14       00000
__Lbank15                 bank15       00000
__Lbank16                 bank16       00000
__Lbank17                 bank17       00000
__Lbank18                 bank18       00000
__Lbank19                 bank19       00000
__Lbank2                  bank2        00000
__Lbank20                 bank20       00000
__Lbank21                 bank21       00000
__Lbank22                 bank22       00000
__Lbank23                 bank23       00000
__Lbank24                 bank24       00000
__Lbank25                 bank25       00000
__Lbank26                 bank26       00000
__Lbank27                 bank27       00000
__Lbank28                 bank28       00000
__Lbank29                 bank29       00000
__Lbank3                  bank3        00000
__Lbank30                 bank30       00000
__Lbank31                 bank31       00000
__Lbank32                 bank32       00000
__Lbank33                 bank33       00000
__Lbank34                 bank34       00000
__Lbank35                 bank35       00000
__Lbank36                 bank36       00000
__Lbank37                 bank37       00000
__Lbank38                 bank38       00000
__Lbank39                 bank39       00000
__Lbank4                  bank4        00000
__Lbank40                 bank40       00000
__Lbank41                 bank41       00000
__Lbank42                 bank42       00000
__Lbank43                 bank43       00000
__Lbank44                 bank44       00000
__Lbank45                 bank45       00000
__Lbank46                 bank46       00000
__Lbank47                 bank47       00000
__Lbank48                 bank48       00000
__Lbank49                 bank49       00000
__Lbank5                  bank5        00000
__Lbank50                 bank50       00000
__Lbank51                 bank51       00000
__Lbank52                 bank52       00000
__Lbank53                 bank53       00000
__Lbank54                 bank54       00000
__Lbank55                 bank55       00000
__Lbank56                 bank56       00000
__Lbank57                 bank57       00000
__Lbank58                 bank58       00000
__Lbank59                 bank59       00000
__Lbank6                  bank6        00000
__Lbank60                 bank60       00000
__Lbank61                 bank61       00000
__Lbank62                 bank62       00000
__Lbank63                 bank63       00000
__Lbank7                  bank7        00000
__Lbank8                  bank8        00000
__Lbank9                  bank9        00000
__Lbigram                 bigram       00000
__LbssBANK0               bssBANK0     00000
__LbssCOMMON              bssCOMMON    00000
__Lcinit                  cinit        007E3
__Lclrtext                clrtext      00000
__Lcode                   code         00000
__Lcommon                 common       00000
__Lconfig                 config       00000
__LcstackCOMMON           cstackCOMMON 00000
__LdataBANK0              dataBANK0    00000
__Leeprom_data            eeprom_data  00000
__Lend_init               end_init     00002
__Lfunctab                functab      00000
__Lheap                   heap         00000
__LidataBANK0             idataBANK0   00000
__Linit                   init         00002
__Linittext               inittext     00000
__Lintentry               intentry     00002
__Lmaintext               maintext     00000
__Lpowerup                powerup      00000
__Lram                    ram          00000
__Lreset_vec              reset_vec    00000
__Lsfr0                   sfr0         00000
__Lsfr1                   sfr1         00000
__Lsfr10                  sfr10        00000
__Lsfr11                  sfr11        00000
__Lsfr12                  sfr12        00000
__Lsfr13                  sfr13        00000
__Lsfr14                  sfr14        00000
__Lsfr15                  sfr15        00000
__Lsfr16                  sfr16        00000
__Lsfr17                  sfr17        00000
__Lsfr18                  sfr18        00000
__Lsfr19                  sfr19        00000
__Lsfr2                   sfr2         00000
__Lsfr20                  sfr20        00000
__Lsfr21                  sfr21        00000
__Lsfr22                  sfr22        00000
__Lsfr23                  sfr23        00000
__Lsfr24                  sfr24        00000
__Lsfr25                  sfr25        00000
__Lsfr26                  sfr26        00000
__Lsfr27                  sfr27        00000
__Lsfr28                  sfr28        00000
__Lsfr29                  sfr29        00000
__Lsfr3                   sfr3         00000
__Lsfr30                  sfr30        00000
__Lsfr31                  sfr31        00000
__Lsfr32                  sfr32        00000
__Lsfr33                  sfr33        00000
__Lsfr34                  sfr34        00000
__Lsfr35                  sfr35        00000
__Lsfr36                  sfr36        00000
__Lsfr37                  sfr37        00000
__Lsfr38                  sfr38        00000
__Lsfr39                  sfr39        00000
__Lsfr4                   sfr4         00000
__Lsfr40                  sfr40        00000
__Lsfr41                  sfr41        00000
__Lsfr42                  sfr42        00000
__Lsfr43                  sfr43        00000
__Lsfr44                  sfr44        00000
__Lsfr45                  sfr45        00000
__Lsfr46                  sfr46        00000
__Lsfr47                  sfr47        00000
__Lsfr48                  sfr48        00000
__Lsfr49                  sfr49        00000
__Lsfr5                   sfr5         00000
__Lsfr50                  sfr50        00000
__Lsfr51                  sfr51        00000
__Lsfr52                  sfr52        00000
__Lsfr53                  sfr53        00000
__Lsfr54                  sfr54        00000
__Lsfr55                  sfr55        00000
__Lsfr56                  sfr56        00000
__Lsfr57                  sfr57        00000
__Lsfr58                  sfr58        00000
__Lsfr59                  sfr59        00000
__Lsfr6                   sfr6         00000
__Lsfr60                  sfr60        00000
__Lsfr61                  sfr61        00000
__Lsfr62                  sfr62        00000
__Lsfr63                  sfr63        00000
__Lsfr7                   sfr7         00000
__Lsfr8                   sfr8         00000
__Lsfr9                   sfr9         00000
__Lspace_0                (abs)        00000
__Lspace_1                (abs)        00000
__Lspace_2                (abs)        00000
__Lspace_3                (abs)        00000
__Lspace_4                (abs)        00000
__Lstack                  stack        00000
__Lstrings                strings      00000
__Lstringtext1            stringtext1  00000
__Lstringtext2            stringtext2  00000
__Lstringtext3            stringtext3  00000
__Ltext                   text         00000
__S0                      (abs)        0080E
__S1                      (abs)        0007E
__S3                      (abs)        00000
___heap_hi                (abs)        00000
___heap_lo                (abs)        00000
___int_sp                 stack        00000
___latbits                (abs)        00004
___sp                     stack        00000
___stackhi                (abs)        00000
___stacklo                (abs)        00000
__end_of_I2C_ack          text8        00501
__end_of_I2C_init         text24       00561
__end_of_I2C_nack         text7        0050C
__end_of_I2C_read         text6        00530
__end_of_I2C_restart      text5        004E6
__end_of_I2C_start        text13       004D8
__end_of_I2C_stop         text12       004DF
__end_of_I2C_write        text11       00524
__end_of_LCD_cmd          text22       004EE
__end_of_LCD_dato         text19       004F6
__end_of_LCD_goto         text21       00634
__end_of_LCD_init         text20       006D0
__end_of_LCD_printf       text18       00578
__end_of_LCD_write        text23       007E3
__end_of_OSC_init         text17       00518
__end_of_PIN_MANAGER_init text16       0054D
__end_of__initialization  cinit        007FD
__end_of_convertirFecha   text15       00667
__end_of_convertirHora    text14       0069A
__end_of_enviar_fecha     text10       005AF
__end_of_enviar_hora      text9        00593
__end_of_leer_fecha       text4        00606
__end_of_leer_hora        text3        005DA
__end_of_main             maintext     00792
__end_of_mostrar_fecha    text2        0074A
__end_of_mostrar_hora     text1        0070C
__initialization          cinit        007E3
__pbssBANK0               bssBANK0     0002E
__pbssCOMMON              bssCOMMON    00079
__pcstackCOMMON           cstackCOMMON 00070
__pdataBANK0              dataBANK0    00020
__pidataBANK0             idataBANK0   00530
__pmaintext               maintext     0074A
__pstringtext1            stringtext1  00800
__pstringtext2            stringtext2  00807
__pstringtext3            stringtext3  00000
__ptext1                  text1        006D0
__ptext10                 text10       00593
__ptext11                 text11       00518
__ptext12                 text12       004D8
__ptext13                 text13       004D1
__ptext14                 text14       00667
__ptext15                 text15       00634
__ptext16                 text16       0053E
__ptext17                 text17       0050C
__ptext18                 text18       00561
__ptext19                 text19       004EE
__ptext2                  text2        0070C
__ptext20                 text20       0069A
__ptext21                 text21       00606
__ptext22                 text22       004E6
__ptext23                 text23       00792
__ptext24                 text24       0054D
__ptext3                  text3        005AF
__ptext4                  text4        005DA
__ptext5                  text5        004DF
__ptext6                  text6        00524
__ptext7                  text7        00501
__ptext8                  text8        004F6
__ptext9                  text9        00578
_anio                     bssBANK0     00036
_convertirFecha           text15       00634
_convertirHora            text14       00667
_dia                      bssCOMMON    0007A
_enviar_fecha             text10       00593
_enviar_hora              text9        00578
_hora                     bssCOMMON    0007B
_leer_fecha               text4        005DA
_leer_hora                text3        005AF
_main                     maintext     0074A
_mes                      bssCOMMON    00079
_min                      bssCOMMON    0007C
_mostrar_fecha            text2        0070C
_mostrar_hora             text1        006D0
_sec                      bssCOMMON    0007D
btemp                     (abs)        0007E
convertirFecha@i          cstackCOMMON 00071
convertirHora@i           cstackCOMMON 00071
end_of_initialization     cinit        007FD
init_ram                  inittext     004CB
intlevel0                 functab      00000
intlevel1                 functab      00000
intlevel2                 functab      00000
intlevel3                 functab      00000
intlevel4                 functab      00000
intlevel5                 functab      00000
reset_vec                 reset_vec    00000
start                     init         00002
start_initialization      cinit        007E3
wtemp0                    (abs)        0007E


MODULE INFORMATION

Module		Function		Class		Link	Load	Size
I2C.c
		_I2C_stop      		CODE           	04D8	0000	7
		_I2C_read      		CODE           	0524	0000	12
		_I2C_init      		CODE           	054D	0000	20
		_I2C_ack       		CODE           	04F6	0000	11
		_I2C_nack      		CODE           	0501	0000	11
		_I2C_start     		CODE           	04D1	0000	7
		_I2C_restart   		CODE           	04DF	0000	7
		_I2C_write     		CODE           	0518	0000	12

I2C.c estimated size: 87

shared
		__initialization		CODE           	07E3	0000	26

shared estimated size: 26

DS3231.c
		_mostrar_hora  		CODE           	06D0	0000	60
		_leer_hora     		CODE           	05AF	0000	43
		_convertirFecha		CODE           	0634	0000	51
		_mostrar_fecha 		CODE           	070C	0000	62
		_leer_fecha    		CODE           	05DA	0000	44
		_enviar_hora   		CODE           	0578	0000	27
		_convertirHora 		CODE           	0667	0000	51
		_enviar_fecha  		CODE           	0593	0000	28

DS3231.c estimated size: 366

main.c
		_main          		CODE           	074A	0000	72
		_PIN_MANAGER_init		CODE           	053E	0000	15
		_OSC_init      		CODE           	050C	0000	12

main.c estimated size: 99

LCD.c
		_LCD_goto      		CODE           	0606	0000	46
		_LCD_printf    		CODE           	0561	0000	23
		_LCD_write     		CODE           	0792	0000	81
		_LCD_init      		CODE           	069A	0000	54
		_LCD_cmd       		CODE           	04E6	0000	8
		_LCD_dato      		CODE           	04EE	0000	8

LCD.c estimated size: 220

